// Jest Snapshot v1, https://goo.gl/fbAQLP

exports[`ShakeForSupport does not render when App not active 1`] = `null`;
